EN background NULL //fs2/johannes.wollert$/workspace/VHDL/VHDL_tim/pong/background.vhd sub00/vhpl12 1247252389
EN ausgabe NULL //fs2/johannes.wollert$/workspace/VHDL/VHDL_tim/pong/ausgabe.vhd sub00/vhpl04 1247252395
AR farbwechsel behavioral //fs2/johannes.wollert$/workspace/VHDL/VHDL_tim/pong/farbwechsel.vhd sub00/vhpl09 1247252386
AR vga behavioral //fs2/johannes.wollert$/workspace/VHDL/VHDL_tim/pong/vga.vhd sub00/vhpl07 1247252398
AR ausgabe behavioral //fs2/johannes.wollert$/workspace/VHDL/VHDL_tim/pong/ausgabe.vhd sub00/vhpl05 1247252396
AR signaltiming behavioral //fs2/johannes.wollert$/workspace/VHDL/VHDL_tim/pong/vgadriver.vhd sub00/vhpl03 1247252388
EN ball NULL //fs2/johannes.wollert$/workspace/VHDL/VHDL_tim/pong/ball.vhd sub00/vhpl14 1247252393
EN template NULL Y:/VHDL/template/template.vhd sub00/vhpl00 1243086722
EN signaltiming NULL //fs2/johannes.wollert$/workspace/VHDL/VHDL_tim/pong/vgadriver.vhd sub00/vhpl02 1247252387
EN vga NULL //fs2/johannes.wollert$/workspace/VHDL/VHDL_tim/pong/vga.vhd sub00/vhpl06 1247252397
AR ball behavioral //fs2/johannes.wollert$/workspace/VHDL/VHDL_tim/pong/ball.vhd sub00/vhpl15 1247252394
AR balken behavioral //fs2/johannes.wollert$/workspace/VHDL/VHDL_tim/pong/balken.vhd sub00/vhpl11 1247252392
AR background behavioral //fs2/johannes.wollert$/workspace/VHDL/VHDL_tim/pong/background.vhd sub00/vhpl13 1247252390
EN balken NULL //fs2/johannes.wollert$/workspace/VHDL/VHDL_tim/pong/balken.vhd sub00/vhpl10 1247252391
EN farbwechsel NULL //fs2/johannes.wollert$/workspace/VHDL/VHDL_tim/pong/farbwechsel.vhd sub00/vhpl08 1247252385
AR template behavioral Y:/VHDL/template/template.vhd sub00/vhpl01 1243086723
